// Jest Snapshot v1, https://goo.gl/fbAQLP

exports[`<App /> Should have correct layout 1`] = `
<div
  className="app"
>
  <Component
    user={null}
  />
  <Connect(Sidebar)
    user={null}
  />
  <ContentWrapper
    user={null}
  >
    <Routes
      user={null}
    />
  </ContentWrapper>
  <Component />
  <Connect(Snackbar) />
</div>
`;
